// Jest Snapshot v1, https://goo.gl/fbAQLP

exports[`components/BookList renders a booklist correctly 1`] = `
<ul>
  <li>
    <a
      href="/books/isbn-1"
      onClick={[Function]}
    >
      <span
        className="booklist__item"
      >
        My first book
      </span>
    </a>
  </li>
  <li>
    <a
      href="/books/isbn-2"
      onClick={[Function]}
    >
      <span
        className="booklist__item"
      >
        My second book
      </span>
    </a>
  </li>
</ul>
`;
