// Jest Snapshot v1, https://goo.gl/fbAQLP

exports[`components/BookList renders a booklist correctly 1`] = `
<ul>
  <li>
    <a
      href="/books/undefined"
      onClick={[Function]}
    >
      <div
        className="booklist__item"
      >
        My first book
      </div>
    </a>
  </li>
  <li>
    <a
      href="/books/undefined"
      onClick={[Function]}
    >
      <div
        className="booklist__item"
      >
        My second book
      </div>
    </a>
  </li>
</ul>
`;
